<?xml version="1.0" encoding="UTF-8"?>
<TestRun id="65fc87f4-4156-4561-93f1-b5c261c5a052" name="Karin@KARINSDATOR 2012-09-18 19:56:57" runUser="Karinsdator\Karin" xmlns="http://microsoft.com/schemas/VisualStudio/TeamTest/2010">
  <TestSettings name="Local" id="38f60171-d25e-4ba7-acce-e4be023cbd29">
    <Description>These are default test settings for a local test run.</Description>
    <Deployment enabled="false" runDeploymentRoot="Karin_KARINSDATOR 2012-09-18 19_56_57">
      <DeploymentItem filename="C:\Users\Karin\desktop\documents\visual studio 2010\Projects\SportsStore\packages\Moq.4.0.10827\lib\NET40\Moq.dll" />
      <DeploymentItem filename="C:\Users\Karin\desktop\documents\visual studio 2010\Projects\SportsStore\packages\EntityFramework.5.0.0\lib\net40\EntityFramework.dll" />
      <DeploymentItem filename="C:\Users\Karin\desktop\documents\visual studio 2010\Projects\SportsStore\SportsStore.WebUi\bin\SportsStore.WebUi.dll" />
      <DeploymentItem filename="C:\Users\Karin\desktop\documents\visual studio 2010\Projects\SportsStore\SportsStore.UnitTests\bin\Debug\Ninject.dll" />
      <DeploymentItem filename="C:\Users\Karin\desktop\documents\visual studio 2010\Projects\SportsStore\SportsStore.Domain\bin\Debug\SportsStore.Domain.dll" />
    </Deployment>
    <Execution>
      <TestTypeSpecific />
      <AgentRule name="Execution Agents">
      </AgentRule>
    </Execution>
  </TestSettings>
  <Times creation="2012-09-18T19:56:57.3911497+02:00" queuing="2012-09-18T19:56:57.4811548+02:00" start="2012-09-18T19:56:57.5381581+02:00" finish="2012-09-18T19:57:00.7503418+02:00" />
  <ResultSummary outcome="Completed">
    <Counters total="29" executed="29" passed="29" error="0" failed="0" timeout="0" aborted="0" inconclusive="0" passedButRunAborted="0" notRunnable="0" notExecuted="0" disconnected="0" warning="0" completed="0" inProgress="0" pending="0" />
  </ResultSummary>
  <TestDefinitions>
    <UnitTest name="Generate_Category_Specific_Product_Count" storage="c:\users\karin\desktop\documents\visual studio 2010\projects\sportsstore\sportsstore.unittests\bin\debug\sportsstore.unittests.dll" id="31b06b3d-b6f5-c2aa-179c-a283632fc745">
      <Execution id="964b4154-21a6-47c2-90e7-d56f891f7565" />
      <TestMethod codeBase="C:/Users/Karin/desktop/documents/visual studio 2010/Projects/SportsStore/SportsStore.UnitTests/bin/Debug/SportsStore.UnitTests.DLL" adapterTypeName="Microsoft.VisualStudio.TestTools.TestTypes.Unit.UnitTestAdapter, Microsoft.VisualStudio.QualityTools.Tips.UnitTest.Adapter, Version=10.0.0.0, Culture=neutral, PublicKeyToken=b03f5f7f11d50a3a" className="SportsStore.UnitTests.ProductControllerTest, SportsStore.UnitTests, Version=1.0.0.0, Culture=neutral, PublicKeyToken=null" name="Generate_Category_Specific_Product_Count" />
    </UnitTest>
    <UnitTest name="Can_Add_Quantity_For_Existing_Lines" storage="c:\users\karin\desktop\documents\visual studio 2010\projects\sportsstore\sportsstore.unittests\bin\debug\sportsstore.unittests.dll" id="389303ee-d7cc-724d-a27b-4b63eb975112">
      <Execution id="36cdaa13-7e0b-420f-8806-394fd99b8af2" />
      <TestMethod codeBase="C:/Users/Karin/desktop/documents/visual studio 2010/Projects/SportsStore/SportsStore.UnitTests/bin/Debug/SportsStore.UnitTests.DLL" adapterTypeName="Microsoft.VisualStudio.TestTools.TestTypes.Unit.UnitTestAdapter, Microsoft.VisualStudio.QualityTools.Tips.UnitTest.Adapter, Version=10.0.0.0, Culture=neutral, PublicKeyToken=b03f5f7f11d50a3a" className="SportsStore.UnitTests.CartControllerTest, SportsStore.UnitTests, Version=1.0.0.0, Culture=neutral, PublicKeyToken=null" name="Can_Add_Quantity_For_Existing_Lines" />
    </UnitTest>
    <UnitTest name="Can_Add_New_Lines" storage="c:\users\karin\desktop\documents\visual studio 2010\projects\sportsstore\sportsstore.unittests\bin\debug\sportsstore.unittests.dll" id="f4bedb1c-2c61-1356-e5c7-4252f5216901">
      <Execution id="6efedd42-2b77-41f7-8398-3984c9da6e9a" />
      <TestMethod codeBase="C:/Users/Karin/desktop/documents/visual studio 2010/Projects/SportsStore/SportsStore.UnitTests/bin/Debug/SportsStore.UnitTests.DLL" adapterTypeName="Microsoft.VisualStudio.TestTools.TestTypes.Unit.UnitTestAdapter, Microsoft.VisualStudio.QualityTools.Tips.UnitTest.Adapter, Version=10.0.0.0, Culture=neutral, PublicKeyToken=b03f5f7f11d50a3a" className="SportsStore.UnitTests.CartControllerTest, SportsStore.UnitTests, Version=1.0.0.0, Culture=neutral, PublicKeyToken=null" name="Can_Add_New_Lines" />
    </UnitTest>
    <UnitTest name="Cannot_Edit_Nonexistent_Product" storage="c:\users\karin\desktop\documents\visual studio 2010\projects\sportsstore\sportsstore.unittests\bin\debug\sportsstore.unittests.dll" id="0f9b2961-59ac-536b-52c9-213cff339290">
      <Execution id="f319408d-e934-4b59-a7ad-5eaec1ddeb96" />
      <TestMethod codeBase="C:/Users/Karin/desktop/documents/visual studio 2010/Projects/SportsStore/SportsStore.UnitTests/bin/Debug/SportsStore.UnitTests.DLL" adapterTypeName="Microsoft.VisualStudio.TestTools.TestTypes.Unit.UnitTestAdapter, Microsoft.VisualStudio.QualityTools.Tips.UnitTest.Adapter, Version=10.0.0.0, Culture=neutral, PublicKeyToken=b03f5f7f11d50a3a" className="SportsStore.UnitTests.AdminControllerTest, SportsStore.UnitTests, Version=1.0.0.0, Culture=neutral, PublicKeyToken=null" name="Cannot_Edit_Nonexistent_Product" />
    </UnitTest>
    <UnitTest name="Calculate_Cart_Total" storage="c:\users\karin\desktop\documents\visual studio 2010\projects\sportsstore\sportsstore.unittests\bin\debug\sportsstore.unittests.dll" id="eb072a95-ed66-d6ad-155b-815c290e70a1">
      <Execution id="bd2b911b-9583-4f9c-8046-b02f2f84367d" />
      <TestMethod codeBase="C:/Users/Karin/desktop/documents/visual studio 2010/Projects/SportsStore/SportsStore.UnitTests/bin/Debug/SportsStore.UnitTests.DLL" adapterTypeName="Microsoft.VisualStudio.TestTools.TestTypes.Unit.UnitTestAdapter, Microsoft.VisualStudio.QualityTools.Tips.UnitTest.Adapter, Version=10.0.0.0, Culture=neutral, PublicKeyToken=b03f5f7f11d50a3a" className="SportsStore.UnitTests.ProductControllerTest, SportsStore.UnitTests, Version=1.0.0.0, Culture=neutral, PublicKeyToken=null" name="Calculate_Cart_Total" />
    </UnitTest>
    <UnitTest name="Can_Retrieve_Image_Data" storage="c:\users\karin\desktop\documents\visual studio 2010\projects\sportsstore\sportsstore.unittests\bin\debug\sportsstore.unittests.dll" id="1885a10e-62b7-10eb-5002-93968187dcb4">
      <Execution id="7e3befb1-3806-490c-94e7-e381135063c7" />
      <TestMethod codeBase="C:/Users/Karin/desktop/documents/visual studio 2010/Projects/SportsStore/SportsStore.UnitTests/bin/Debug/SportsStore.UnitTests.DLL" adapterTypeName="Microsoft.VisualStudio.TestTools.TestTypes.Unit.UnitTestAdapter, Microsoft.VisualStudio.QualityTools.Tips.UnitTest.Adapter, Version=10.0.0.0, Culture=neutral, PublicKeyToken=b03f5f7f11d50a3a" className="SportsStore.UnitTests.ProductControllerTest, SportsStore.UnitTests, Version=1.0.0.0, Culture=neutral, PublicKeyToken=null" name="Can_Retrieve_Image_Data" />
    </UnitTest>
    <UnitTest name="Can_Send_Pagination_View_Model" storage="c:\users\karin\desktop\documents\visual studio 2010\projects\sportsstore\sportsstore.unittests\bin\debug\sportsstore.unittests.dll" id="4a4b09b5-fb0b-d0f1-ec15-793362fab937">
      <Execution id="ecc4b86e-e4b8-4d2e-b186-0780d384ddbf" />
      <TestMethod codeBase="C:/Users/Karin/desktop/documents/visual studio 2010/Projects/SportsStore/SportsStore.UnitTests/bin/Debug/SportsStore.UnitTests.DLL" adapterTypeName="Microsoft.VisualStudio.TestTools.TestTypes.Unit.UnitTestAdapter, Microsoft.VisualStudio.QualityTools.Tips.UnitTest.Adapter, Version=10.0.0.0, Culture=neutral, PublicKeyToken=b03f5f7f11d50a3a" className="SportsStore.UnitTests.ProductControllerTest, SportsStore.UnitTests, Version=1.0.0.0, Culture=neutral, PublicKeyToken=null" name="Can_Send_Pagination_View_Model" />
    </UnitTest>
    <UnitTest name="Can_Create_Categories" storage="c:\users\karin\desktop\documents\visual studio 2010\projects\sportsstore\sportsstore.unittests\bin\debug\sportsstore.unittests.dll" id="a86ac7ff-8789-e55c-a89a-c619519a8f43">
      <Execution id="d3b50965-100d-4c82-be1a-8fd87b2f5248" />
      <TestMethod codeBase="C:/Users/Karin/desktop/documents/visual studio 2010/Projects/SportsStore/SportsStore.UnitTests/bin/Debug/SportsStore.UnitTests.DLL" adapterTypeName="Microsoft.VisualStudio.TestTools.TestTypes.Unit.UnitTestAdapter, Microsoft.VisualStudio.QualityTools.Tips.UnitTest.Adapter, Version=10.0.0.0, Culture=neutral, PublicKeyToken=b03f5f7f11d50a3a" className="SportsStore.UnitTests.NavControllerTest, SportsStore.UnitTests, Version=1.0.0.0, Culture=neutral, PublicKeyToken=null" name="Can_Create_Categories" />
    </UnitTest>
    <UnitTest name="Calculate_Cart_Total" storage="c:\users\karin\desktop\documents\visual studio 2010\projects\sportsstore\sportsstore.unittests\bin\debug\sportsstore.unittests.dll" id="91dcb5f3-09e1-5609-35db-2cbb1d67bfce">
      <Execution id="35152ba6-73c1-435c-8dc8-469e9432bf65" />
      <TestMethod codeBase="C:/Users/Karin/desktop/documents/visual studio 2010/Projects/SportsStore/SportsStore.UnitTests/bin/Debug/SportsStore.UnitTests.DLL" adapterTypeName="Microsoft.VisualStudio.TestTools.TestTypes.Unit.UnitTestAdapter, Microsoft.VisualStudio.QualityTools.Tips.UnitTest.Adapter, Version=10.0.0.0, Culture=neutral, PublicKeyToken=b03f5f7f11d50a3a" className="SportsStore.UnitTests.CartControllerTest, SportsStore.UnitTests, Version=1.0.0.0, Culture=neutral, PublicKeyToken=null" name="Calculate_Cart_Total" />
    </UnitTest>
    <UnitTest name="Can_Clear_Contents" storage="c:\users\karin\desktop\documents\visual studio 2010\projects\sportsstore\sportsstore.unittests\bin\debug\sportsstore.unittests.dll" id="df3fec19-48b6-a572-776f-5f10c2b00e60">
      <Execution id="11a5dfea-338f-4014-b8cc-592812ac9c7c" />
      <TestMethod codeBase="C:/Users/Karin/desktop/documents/visual studio 2010/Projects/SportsStore/SportsStore.UnitTests/bin/Debug/SportsStore.UnitTests.DLL" adapterTypeName="Microsoft.VisualStudio.TestTools.TestTypes.Unit.UnitTestAdapter, Microsoft.VisualStudio.QualityTools.Tips.UnitTest.Adapter, Version=10.0.0.0, Culture=neutral, PublicKeyToken=b03f5f7f11d50a3a" className="SportsStore.UnitTests.ProductControllerTest, SportsStore.UnitTests, Version=1.0.0.0, Culture=neutral, PublicKeyToken=null" name="Can_Clear_Contents" />
    </UnitTest>
    <UnitTest name="Can_Delete_Valid_Products" storage="c:\users\karin\desktop\documents\visual studio 2010\projects\sportsstore\sportsstore.unittests\bin\debug\sportsstore.unittests.dll" id="0f858b57-337d-9169-37d3-9ff0aac29089">
      <Execution id="4cbd7ed5-c916-419c-ae45-bc050268f0fd" />
      <TestMethod codeBase="C:/Users/Karin/desktop/documents/visual studio 2010/Projects/SportsStore/SportsStore.UnitTests/bin/Debug/SportsStore.UnitTests.DLL" adapterTypeName="Microsoft.VisualStudio.TestTools.TestTypes.Unit.UnitTestAdapter, Microsoft.VisualStudio.QualityTools.Tips.UnitTest.Adapter, Version=10.0.0.0, Culture=neutral, PublicKeyToken=b03f5f7f11d50a3a" className="SportsStore.UnitTests.AdminControllerTest, SportsStore.UnitTests, Version=1.0.0.0, Culture=neutral, PublicKeyToken=null" name="Can_Delete_Valid_Products" />
    </UnitTest>
    <UnitTest name="Can_Edit_Product" storage="c:\users\karin\desktop\documents\visual studio 2010\projects\sportsstore\sportsstore.unittests\bin\debug\sportsstore.unittests.dll" id="29859a33-c3e1-9aa3-25d1-53c935fa3f27">
      <Execution id="f50b62f3-678c-4ed5-9cb9-7f67e9d0ee53" />
      <TestMethod codeBase="C:/Users/Karin/desktop/documents/visual studio 2010/Projects/SportsStore/SportsStore.UnitTests/bin/Debug/SportsStore.UnitTests.DLL" adapterTypeName="Microsoft.VisualStudio.TestTools.TestTypes.Unit.UnitTestAdapter, Microsoft.VisualStudio.QualityTools.Tips.UnitTest.Adapter, Version=10.0.0.0, Culture=neutral, PublicKeyToken=b03f5f7f11d50a3a" className="SportsStore.UnitTests.AdminControllerTest, SportsStore.UnitTests, Version=1.0.0.0, Culture=neutral, PublicKeyToken=null" name="Can_Edit_Product" />
    </UnitTest>
    <UnitTest name="Can_Remove_Line" storage="c:\users\karin\desktop\documents\visual studio 2010\projects\sportsstore\sportsstore.unittests\bin\debug\sportsstore.unittests.dll" id="222dec22-a875-dc44-c834-d20c8b4d0cbf">
      <Execution id="106ccd82-22ad-474f-a62c-5bce3dafcaa2" />
      <TestMethod codeBase="C:/Users/Karin/desktop/documents/visual studio 2010/Projects/SportsStore/SportsStore.UnitTests/bin/Debug/SportsStore.UnitTests.DLL" adapterTypeName="Microsoft.VisualStudio.TestTools.TestTypes.Unit.UnitTestAdapter, Microsoft.VisualStudio.QualityTools.Tips.UnitTest.Adapter, Version=10.0.0.0, Culture=neutral, PublicKeyToken=b03f5f7f11d50a3a" className="SportsStore.UnitTests.CartControllerTest, SportsStore.UnitTests, Version=1.0.0.0, Culture=neutral, PublicKeyToken=null" name="Can_Remove_Line" />
    </UnitTest>
    <UnitTest name="Can_Remove_Line" storage="c:\users\karin\desktop\documents\visual studio 2010\projects\sportsstore\sportsstore.unittests\bin\debug\sportsstore.unittests.dll" id="f354ee36-ed7d-98d7-ec31-e55b457c4044">
      <Execution id="6608216b-f467-4640-9e3d-87e9954f8fae" />
      <TestMethod codeBase="C:/Users/Karin/desktop/documents/visual studio 2010/Projects/SportsStore/SportsStore.UnitTests/bin/Debug/SportsStore.UnitTests.DLL" adapterTypeName="Microsoft.VisualStudio.TestTools.TestTypes.Unit.UnitTestAdapter, Microsoft.VisualStudio.QualityTools.Tips.UnitTest.Adapter, Version=10.0.0.0, Culture=neutral, PublicKeyToken=b03f5f7f11d50a3a" className="SportsStore.UnitTests.ProductControllerTest, SportsStore.UnitTests, Version=1.0.0.0, Culture=neutral, PublicKeyToken=null" name="Can_Remove_Line" />
    </UnitTest>
    <UnitTest name="Cannot_Checkout_Invalid_ShippingDetails" storage="c:\users\karin\desktop\documents\visual studio 2010\projects\sportsstore\sportsstore.unittests\bin\debug\sportsstore.unittests.dll" id="732825c5-d70c-637f-7f5e-bbbffc9af287">
      <Execution id="1d0c3902-e5c3-422b-b9c4-eb0ac0f9b786" />
      <TestMethod codeBase="C:/Users/Karin/desktop/documents/visual studio 2010/Projects/SportsStore/SportsStore.UnitTests/bin/Debug/SportsStore.UnitTests.DLL" adapterTypeName="Microsoft.VisualStudio.TestTools.TestTypes.Unit.UnitTestAdapter, Microsoft.VisualStudio.QualityTools.Tips.UnitTest.Adapter, Version=10.0.0.0, Culture=neutral, PublicKeyToken=b03f5f7f11d50a3a" className="SportsStore.UnitTests.CartControllerTest, SportsStore.UnitTests, Version=1.0.0.0, Culture=neutral, PublicKeyToken=null" name="Cannot_Checkout_Invalid_ShippingDetails" />
    </UnitTest>
    <UnitTest name="Can_Add_Quantity_For_Existing_Lines" storage="c:\users\karin\desktop\documents\visual studio 2010\projects\sportsstore\sportsstore.unittests\bin\debug\sportsstore.unittests.dll" id="360ee066-1b77-2fc8-a8c7-5debef41904c">
      <Execution id="1d1dc82e-d494-4835-a111-841748704fca" />
      <TestMethod codeBase="C:/Users/Karin/desktop/documents/visual studio 2010/Projects/SportsStore/SportsStore.UnitTests/bin/Debug/SportsStore.UnitTests.DLL" adapterTypeName="Microsoft.VisualStudio.TestTools.TestTypes.Unit.UnitTestAdapter, Microsoft.VisualStudio.QualityTools.Tips.UnitTest.Adapter, Version=10.0.0.0, Culture=neutral, PublicKeyToken=b03f5f7f11d50a3a" className="SportsStore.UnitTests.ProductControllerTest, SportsStore.UnitTests, Version=1.0.0.0, Culture=neutral, PublicKeyToken=null" name="Can_Add_Quantity_For_Existing_Lines" />
    </UnitTest>
    <UnitTest name="Indicates_Selected_Category" storage="c:\users\karin\desktop\documents\visual studio 2010\projects\sportsstore\sportsstore.unittests\bin\debug\sportsstore.unittests.dll" id="149dcaab-4c61-db78-23c2-972e8ddcda04">
      <Execution id="c66dd4e1-0cb2-4a9a-81f8-558067671163" />
      <TestMethod codeBase="C:/Users/Karin/desktop/documents/visual studio 2010/Projects/SportsStore/SportsStore.UnitTests/bin/Debug/SportsStore.UnitTests.DLL" adapterTypeName="Microsoft.VisualStudio.TestTools.TestTypes.Unit.UnitTestAdapter, Microsoft.VisualStudio.QualityTools.Tips.UnitTest.Adapter, Version=10.0.0.0, Culture=neutral, PublicKeyToken=b03f5f7f11d50a3a" className="SportsStore.UnitTests.NavControllerTest, SportsStore.UnitTests, Version=1.0.0.0, Culture=neutral, PublicKeyToken=null" name="Indicates_Selected_Category" />
    </UnitTest>
    <UnitTest name="Can_Add_New_Lines" storage="c:\users\karin\desktop\documents\visual studio 2010\projects\sportsstore\sportsstore.unittests\bin\debug\sportsstore.unittests.dll" id="dad81126-e8a6-9feb-dbfc-a275bcacfca9">
      <Execution id="8d9e093e-5ec0-4d38-8e15-1c19ed299df7" />
      <TestMethod codeBase="C:/Users/Karin/desktop/documents/visual studio 2010/Projects/SportsStore/SportsStore.UnitTests/bin/Debug/SportsStore.UnitTests.DLL" adapterTypeName="Microsoft.VisualStudio.TestTools.TestTypes.Unit.UnitTestAdapter, Microsoft.VisualStudio.QualityTools.Tips.UnitTest.Adapter, Version=10.0.0.0, Culture=neutral, PublicKeyToken=b03f5f7f11d50a3a" className="SportsStore.UnitTests.ProductControllerTest, SportsStore.UnitTests, Version=1.0.0.0, Culture=neutral, PublicKeyToken=null" name="Can_Add_New_Lines" />
    </UnitTest>
    <UnitTest name="Cannot_Checkout_Empty_Cart" storage="c:\users\karin\desktop\documents\visual studio 2010\projects\sportsstore\sportsstore.unittests\bin\debug\sportsstore.unittests.dll" id="3541fe90-323f-a409-749b-9d17f502ab21">
      <Execution id="8a64f0e4-e8fd-443a-86a1-8acd5f6153f4" />
      <TestMethod codeBase="C:/Users/Karin/desktop/documents/visual studio 2010/Projects/SportsStore/SportsStore.UnitTests/bin/Debug/SportsStore.UnitTests.DLL" adapterTypeName="Microsoft.VisualStudio.TestTools.TestTypes.Unit.UnitTestAdapter, Microsoft.VisualStudio.QualityTools.Tips.UnitTest.Adapter, Version=10.0.0.0, Culture=neutral, PublicKeyToken=b03f5f7f11d50a3a" className="SportsStore.UnitTests.CartControllerTest, SportsStore.UnitTests, Version=1.0.0.0, Culture=neutral, PublicKeyToken=null" name="Cannot_Checkout_Empty_Cart" />
    </UnitTest>
    <UnitTest name="Can_Login_With_Valid_Credentials" storage="c:\users\karin\desktop\documents\visual studio 2010\projects\sportsstore\sportsstore.unittests\bin\debug\sportsstore.unittests.dll" id="87224df0-8c69-5ead-c901-6ece361f6093">
      <Execution id="8cafc501-3512-4e40-88c1-ac5b93272423" />
      <TestMethod codeBase="C:/Users/Karin/desktop/documents/visual studio 2010/Projects/SportsStore/SportsStore.UnitTests/bin/Debug/SportsStore.UnitTests.DLL" adapterTypeName="Microsoft.VisualStudio.TestTools.TestTypes.Unit.UnitTestAdapter, Microsoft.VisualStudio.QualityTools.Tips.UnitTest.Adapter, Version=10.0.0.0, Culture=neutral, PublicKeyToken=b03f5f7f11d50a3a" className="SportsStore.UnitTests.AccountControllerTest, SportsStore.UnitTests, Version=1.0.0.0, Culture=neutral, PublicKeyToken=null" name="Can_Login_With_Valid_Credentials" />
    </UnitTest>
    <UnitTest name="Can_Checkout_And_Submit_Order" storage="c:\users\karin\desktop\documents\visual studio 2010\projects\sportsstore\sportsstore.unittests\bin\debug\sportsstore.unittests.dll" id="e49a6fb3-06f0-dfa4-cc93-56e893554dfb">
      <Execution id="890c4d29-909f-4e70-8de2-ef4dbddee4f9" />
      <TestMethod codeBase="C:/Users/Karin/desktop/documents/visual studio 2010/Projects/SportsStore/SportsStore.UnitTests/bin/Debug/SportsStore.UnitTests.DLL" adapterTypeName="Microsoft.VisualStudio.TestTools.TestTypes.Unit.UnitTestAdapter, Microsoft.VisualStudio.QualityTools.Tips.UnitTest.Adapter, Version=10.0.0.0, Culture=neutral, PublicKeyToken=b03f5f7f11d50a3a" className="SportsStore.UnitTests.CartControllerTest, SportsStore.UnitTests, Version=1.0.0.0, Culture=neutral, PublicKeyToken=null" name="Can_Checkout_And_Submit_Order" />
    </UnitTest>
    <UnitTest name="Can_Clear_Contents" storage="c:\users\karin\desktop\documents\visual studio 2010\projects\sportsstore\sportsstore.unittests\bin\debug\sportsstore.unittests.dll" id="67bd14da-0677-af46-0b31-3e3241b7e801">
      <Execution id="f9fbdcfd-25c3-4f13-a42e-9349adb43589" />
      <TestMethod codeBase="C:/Users/Karin/desktop/documents/visual studio 2010/Projects/SportsStore/SportsStore.UnitTests/bin/Debug/SportsStore.UnitTests.DLL" adapterTypeName="Microsoft.VisualStudio.TestTools.TestTypes.Unit.UnitTestAdapter, Microsoft.VisualStudio.QualityTools.Tips.UnitTest.Adapter, Version=10.0.0.0, Culture=neutral, PublicKeyToken=b03f5f7f11d50a3a" className="SportsStore.UnitTests.CartControllerTest, SportsStore.UnitTests, Version=1.0.0.0, Culture=neutral, PublicKeyToken=null" name="Can_Clear_Contents" />
    </UnitTest>
    <UnitTest name="Cannot_Login_With_Invalid_Credentials" storage="c:\users\karin\desktop\documents\visual studio 2010\projects\sportsstore\sportsstore.unittests\bin\debug\sportsstore.unittests.dll" id="29117960-876c-d3f7-83e4-6c334cba62eb">
      <Execution id="bfc60e8e-7ebf-48af-a5fb-abbceab5c182" />
      <TestMethod codeBase="C:/Users/Karin/desktop/documents/visual studio 2010/Projects/SportsStore/SportsStore.UnitTests/bin/Debug/SportsStore.UnitTests.DLL" adapterTypeName="Microsoft.VisualStudio.TestTools.TestTypes.Unit.UnitTestAdapter, Microsoft.VisualStudio.QualityTools.Tips.UnitTest.Adapter, Version=10.0.0.0, Culture=neutral, PublicKeyToken=b03f5f7f11d50a3a" className="SportsStore.UnitTests.AccountControllerTest, SportsStore.UnitTests, Version=1.0.0.0, Culture=neutral, PublicKeyToken=null" name="Cannot_Login_With_Invalid_Credentials" />
    </UnitTest>
    <UnitTest name="Can_Paginate" storage="c:\users\karin\desktop\documents\visual studio 2010\projects\sportsstore\sportsstore.unittests\bin\debug\sportsstore.unittests.dll" id="e5382814-0a83-faab-efea-367d92da8f13">
      <Execution id="b6ed7655-47f2-46a2-8e76-31e97170682a" />
      <TestMethod codeBase="C:/Users/Karin/desktop/documents/visual studio 2010/Projects/SportsStore/SportsStore.UnitTests/bin/Debug/SportsStore.UnitTests.DLL" adapterTypeName="Microsoft.VisualStudio.TestTools.TestTypes.Unit.UnitTestAdapter, Microsoft.VisualStudio.QualityTools.Tips.UnitTest.Adapter, Version=10.0.0.0, Culture=neutral, PublicKeyToken=b03f5f7f11d50a3a" className="SportsStore.UnitTests.ProductControllerTest, SportsStore.UnitTests, Version=1.0.0.0, Culture=neutral, PublicKeyToken=null" name="Can_Paginate" />
    </UnitTest>
    <UnitTest name="Can_Filter_Products" storage="c:\users\karin\desktop\documents\visual studio 2010\projects\sportsstore\sportsstore.unittests\bin\debug\sportsstore.unittests.dll" id="de7e19ec-8812-1c0d-2b5a-bacb5b42b05c">
      <Execution id="017998af-71bb-48a6-b691-36ef99f7b55b" />
      <TestMethod codeBase="C:/Users/Karin/desktop/documents/visual studio 2010/Projects/SportsStore/SportsStore.UnitTests/bin/Debug/SportsStore.UnitTests.DLL" adapterTypeName="Microsoft.VisualStudio.TestTools.TestTypes.Unit.UnitTestAdapter, Microsoft.VisualStudio.QualityTools.Tips.UnitTest.Adapter, Version=10.0.0.0, Culture=neutral, PublicKeyToken=b03f5f7f11d50a3a" className="SportsStore.UnitTests.ProductControllerTest, SportsStore.UnitTests, Version=1.0.0.0, Culture=neutral, PublicKeyToken=null" name="Can_Filter_Products" />
    </UnitTest>
    <UnitTest name="Cannot_Retrieve_Image_Data_For_Invalid_ID" storage="c:\users\karin\desktop\documents\visual studio 2010\projects\sportsstore\sportsstore.unittests\bin\debug\sportsstore.unittests.dll" id="dee79d5a-ea23-d68c-392b-2f58d91fc341">
      <Execution id="9e3a0716-20bb-4ab5-bf68-e5cd156d0786" />
      <TestMethod codeBase="C:/Users/Karin/desktop/documents/visual studio 2010/Projects/SportsStore/SportsStore.UnitTests/bin/Debug/SportsStore.UnitTests.DLL" adapterTypeName="Microsoft.VisualStudio.TestTools.TestTypes.Unit.UnitTestAdapter, Microsoft.VisualStudio.QualityTools.Tips.UnitTest.Adapter, Version=10.0.0.0, Culture=neutral, PublicKeyToken=b03f5f7f11d50a3a" className="SportsStore.UnitTests.ProductControllerTest, SportsStore.UnitTests, Version=1.0.0.0, Culture=neutral, PublicKeyToken=null" name="Cannot_Retrieve_Image_Data_For_Invalid_ID" />
    </UnitTest>
    <UnitTest name="Cannot_Delete_Invalid_Products" storage="c:\users\karin\desktop\documents\visual studio 2010\projects\sportsstore\sportsstore.unittests\bin\debug\sportsstore.unittests.dll" id="924026a9-8fc3-94a4-2ddb-a5a2743ca589">
      <Execution id="6edb7ad3-4f58-4654-9c81-8ebe8f6ca9e8" />
      <TestMethod codeBase="C:/Users/Karin/desktop/documents/visual studio 2010/Projects/SportsStore/SportsStore.UnitTests/bin/Debug/SportsStore.UnitTests.DLL" adapterTypeName="Microsoft.VisualStudio.TestTools.TestTypes.Unit.UnitTestAdapter, Microsoft.VisualStudio.QualityTools.Tips.UnitTest.Adapter, Version=10.0.0.0, Culture=neutral, PublicKeyToken=b03f5f7f11d50a3a" className="SportsStore.UnitTests.AdminControllerTest, SportsStore.UnitTests, Version=1.0.0.0, Culture=neutral, PublicKeyToken=null" name="Cannot_Delete_Invalid_Products" />
    </UnitTest>
    <UnitTest name="Index_Contains_All_Products" storage="c:\users\karin\desktop\documents\visual studio 2010\projects\sportsstore\sportsstore.unittests\bin\debug\sportsstore.unittests.dll" id="49c2020d-64a0-1e5d-bb1e-7193eb37abeb">
      <Execution id="73eab371-fd22-45e5-bbcd-7fe10ac18b55" />
      <TestMethod codeBase="C:/Users/Karin/desktop/documents/visual studio 2010/Projects/SportsStore/SportsStore.UnitTests/bin/Debug/SportsStore.UnitTests.DLL" adapterTypeName="Microsoft.VisualStudio.TestTools.TestTypes.Unit.UnitTestAdapter, Microsoft.VisualStudio.QualityTools.Tips.UnitTest.Adapter, Version=10.0.0.0, Culture=neutral, PublicKeyToken=b03f5f7f11d50a3a" className="SportsStore.UnitTests.AdminControllerTest, SportsStore.UnitTests, Version=1.0.0.0, Culture=neutral, PublicKeyToken=null" name="Index_Contains_All_Products" />
    </UnitTest>
    <UnitTest name="Can_Generate_Page_Links" storage="c:\users\karin\desktop\documents\visual studio 2010\projects\sportsstore\sportsstore.unittests\bin\debug\sportsstore.unittests.dll" id="af4224d8-cd45-d986-c80c-707125e7f4f3">
      <Execution id="be6c6ade-2166-4a67-ad7c-157349ec55c6" />
      <TestMethod codeBase="C:/Users/Karin/desktop/documents/visual studio 2010/Projects/SportsStore/SportsStore.UnitTests/bin/Debug/SportsStore.UnitTests.DLL" adapterTypeName="Microsoft.VisualStudio.TestTools.TestTypes.Unit.UnitTestAdapter, Microsoft.VisualStudio.QualityTools.Tips.UnitTest.Adapter, Version=10.0.0.0, Culture=neutral, PublicKeyToken=b03f5f7f11d50a3a" className="SportsStore.UnitTests.ProductControllerTest, SportsStore.UnitTests, Version=1.0.0.0, Culture=neutral, PublicKeyToken=null" name="Can_Generate_Page_Links" />
    </UnitTest>
  </TestDefinitions>
  <TestLists>
    <TestList name="Results Not in a List" id="8c84fa94-04c1-424b-9868-57a2d4851a1d" />
    <TestList name="All Loaded Results" id="19431567-8539-422a-85d7-44ee4e166bda" />
  </TestLists>
  <TestEntries>
    <TestEntry testId="0f858b57-337d-9169-37d3-9ff0aac29089" executionId="4cbd7ed5-c916-419c-ae45-bc050268f0fd" testListId="8c84fa94-04c1-424b-9868-57a2d4851a1d" />
    <TestEntry testId="0f9b2961-59ac-536b-52c9-213cff339290" executionId="f319408d-e934-4b59-a7ad-5eaec1ddeb96" testListId="8c84fa94-04c1-424b-9868-57a2d4851a1d" />
    <TestEntry testId="149dcaab-4c61-db78-23c2-972e8ddcda04" executionId="c66dd4e1-0cb2-4a9a-81f8-558067671163" testListId="8c84fa94-04c1-424b-9868-57a2d4851a1d" />
    <TestEntry testId="1885a10e-62b7-10eb-5002-93968187dcb4" executionId="7e3befb1-3806-490c-94e7-e381135063c7" testListId="8c84fa94-04c1-424b-9868-57a2d4851a1d" />
    <TestEntry testId="222dec22-a875-dc44-c834-d20c8b4d0cbf" executionId="106ccd82-22ad-474f-a62c-5bce3dafcaa2" testListId="8c84fa94-04c1-424b-9868-57a2d4851a1d" />
    <TestEntry testId="29117960-876c-d3f7-83e4-6c334cba62eb" executionId="bfc60e8e-7ebf-48af-a5fb-abbceab5c182" testListId="8c84fa94-04c1-424b-9868-57a2d4851a1d" />
    <TestEntry testId="29859a33-c3e1-9aa3-25d1-53c935fa3f27" executionId="f50b62f3-678c-4ed5-9cb9-7f67e9d0ee53" testListId="8c84fa94-04c1-424b-9868-57a2d4851a1d" />
    <TestEntry testId="31b06b3d-b6f5-c2aa-179c-a283632fc745" executionId="964b4154-21a6-47c2-90e7-d56f891f7565" testListId="8c84fa94-04c1-424b-9868-57a2d4851a1d" />
    <TestEntry testId="3541fe90-323f-a409-749b-9d17f502ab21" executionId="8a64f0e4-e8fd-443a-86a1-8acd5f6153f4" testListId="8c84fa94-04c1-424b-9868-57a2d4851a1d" />
    <TestEntry testId="360ee066-1b77-2fc8-a8c7-5debef41904c" executionId="1d1dc82e-d494-4835-a111-841748704fca" testListId="8c84fa94-04c1-424b-9868-57a2d4851a1d" />
    <TestEntry testId="389303ee-d7cc-724d-a27b-4b63eb975112" executionId="36cdaa13-7e0b-420f-8806-394fd99b8af2" testListId="8c84fa94-04c1-424b-9868-57a2d4851a1d" />
    <TestEntry testId="49c2020d-64a0-1e5d-bb1e-7193eb37abeb" executionId="73eab371-fd22-45e5-bbcd-7fe10ac18b55" testListId="8c84fa94-04c1-424b-9868-57a2d4851a1d" />
    <TestEntry testId="4a4b09b5-fb0b-d0f1-ec15-793362fab937" executionId="ecc4b86e-e4b8-4d2e-b186-0780d384ddbf" testListId="8c84fa94-04c1-424b-9868-57a2d4851a1d" />
    <TestEntry testId="67bd14da-0677-af46-0b31-3e3241b7e801" executionId="f9fbdcfd-25c3-4f13-a42e-9349adb43589" testListId="8c84fa94-04c1-424b-9868-57a2d4851a1d" />
    <TestEntry testId="732825c5-d70c-637f-7f5e-bbbffc9af287" executionId="1d0c3902-e5c3-422b-b9c4-eb0ac0f9b786" testListId="8c84fa94-04c1-424b-9868-57a2d4851a1d" />
    <TestEntry testId="87224df0-8c69-5ead-c901-6ece361f6093" executionId="8cafc501-3512-4e40-88c1-ac5b93272423" testListId="8c84fa94-04c1-424b-9868-57a2d4851a1d" />
    <TestEntry testId="91dcb5f3-09e1-5609-35db-2cbb1d67bfce" executionId="35152ba6-73c1-435c-8dc8-469e9432bf65" testListId="8c84fa94-04c1-424b-9868-57a2d4851a1d" />
    <TestEntry testId="924026a9-8fc3-94a4-2ddb-a5a2743ca589" executionId="6edb7ad3-4f58-4654-9c81-8ebe8f6ca9e8" testListId="8c84fa94-04c1-424b-9868-57a2d4851a1d" />
    <TestEntry testId="a86ac7ff-8789-e55c-a89a-c619519a8f43" executionId="d3b50965-100d-4c82-be1a-8fd87b2f5248" testListId="8c84fa94-04c1-424b-9868-57a2d4851a1d" />
    <TestEntry testId="af4224d8-cd45-d986-c80c-707125e7f4f3" executionId="be6c6ade-2166-4a67-ad7c-157349ec55c6" testListId="8c84fa94-04c1-424b-9868-57a2d4851a1d" />
    <TestEntry testId="dad81126-e8a6-9feb-dbfc-a275bcacfca9" executionId="8d9e093e-5ec0-4d38-8e15-1c19ed299df7" testListId="8c84fa94-04c1-424b-9868-57a2d4851a1d" />
    <TestEntry testId="de7e19ec-8812-1c0d-2b5a-bacb5b42b05c" executionId="017998af-71bb-48a6-b691-36ef99f7b55b" testListId="8c84fa94-04c1-424b-9868-57a2d4851a1d" />
    <TestEntry testId="dee79d5a-ea23-d68c-392b-2f58d91fc341" executionId="9e3a0716-20bb-4ab5-bf68-e5cd156d0786" testListId="8c84fa94-04c1-424b-9868-57a2d4851a1d" />
    <TestEntry testId="df3fec19-48b6-a572-776f-5f10c2b00e60" executionId="11a5dfea-338f-4014-b8cc-592812ac9c7c" testListId="8c84fa94-04c1-424b-9868-57a2d4851a1d" />
    <TestEntry testId="e49a6fb3-06f0-dfa4-cc93-56e893554dfb" executionId="890c4d29-909f-4e70-8de2-ef4dbddee4f9" testListId="8c84fa94-04c1-424b-9868-57a2d4851a1d" />
    <TestEntry testId="e5382814-0a83-faab-efea-367d92da8f13" executionId="b6ed7655-47f2-46a2-8e76-31e97170682a" testListId="8c84fa94-04c1-424b-9868-57a2d4851a1d" />
    <TestEntry testId="eb072a95-ed66-d6ad-155b-815c290e70a1" executionId="bd2b911b-9583-4f9c-8046-b02f2f84367d" testListId="8c84fa94-04c1-424b-9868-57a2d4851a1d" />
    <TestEntry testId="f354ee36-ed7d-98d7-ec31-e55b457c4044" executionId="6608216b-f467-4640-9e3d-87e9954f8fae" testListId="8c84fa94-04c1-424b-9868-57a2d4851a1d" />
    <TestEntry testId="f4bedb1c-2c61-1356-e5c7-4252f5216901" executionId="6efedd42-2b77-41f7-8398-3984c9da6e9a" testListId="8c84fa94-04c1-424b-9868-57a2d4851a1d" />
  </TestEntries>
  <Results>
    <UnitTestResult executionId="4cbd7ed5-c916-419c-ae45-bc050268f0fd" testId="0f858b57-337d-9169-37d3-9ff0aac29089" testName="Can_Delete_Valid_Products" computerName="KARINSDATOR" duration="00:00:00.5914616" startTime="2012-09-18T19:56:57.5501588+02:00" endTime="2012-09-18T19:56:58.8642339+02:00" testType="13cdc9d9-ddb5-4fa4-a97d-d965ccfc6d4b" outcome="Passed" testListId="8c84fa94-04c1-424b-9868-57a2d4851a1d" relativeResultsDirectory="4cbd7ed5-c916-419c-ae45-bc050268f0fd">
    </UnitTestResult>
    <UnitTestResult executionId="f319408d-e934-4b59-a7ad-5eaec1ddeb96" testId="0f9b2961-59ac-536b-52c9-213cff339290" testName="Cannot_Edit_Nonexistent_Product" computerName="KARINSDATOR" duration="00:00:00.0160977" startTime="2012-09-18T19:56:58.9222372+02:00" endTime="2012-09-18T19:56:58.9582393+02:00" testType="13cdc9d9-ddb5-4fa4-a97d-d965ccfc6d4b" outcome="Passed" testListId="8c84fa94-04c1-424b-9868-57a2d4851a1d" relativeResultsDirectory="f319408d-e934-4b59-a7ad-5eaec1ddeb96">
    </UnitTestResult>
    <UnitTestResult executionId="c66dd4e1-0cb2-4a9a-81f8-558067671163" testId="149dcaab-4c61-db78-23c2-972e8ddcda04" testName="Indicates_Selected_Category" computerName="KARINSDATOR" duration="00:00:00.0621882" startTime="2012-09-18T19:56:58.9762403+02:00" endTime="2012-09-18T19:56:59.0642454+02:00" testType="13cdc9d9-ddb5-4fa4-a97d-d965ccfc6d4b" outcome="Passed" testListId="8c84fa94-04c1-424b-9868-57a2d4851a1d" relativeResultsDirectory="c66dd4e1-0cb2-4a9a-81f8-558067671163">
    </UnitTestResult>
    <UnitTestResult executionId="7e3befb1-3806-490c-94e7-e381135063c7" testId="1885a10e-62b7-10eb-5002-93968187dcb4" testName="Can_Retrieve_Image_Data" computerName="KARINSDATOR" duration="00:00:00.0053145" startTime="2012-09-18T19:56:59.0892468+02:00" endTime="2012-09-18T19:56:59.1012475+02:00" testType="13cdc9d9-ddb5-4fa4-a97d-d965ccfc6d4b" outcome="Passed" testListId="8c84fa94-04c1-424b-9868-57a2d4851a1d" relativeResultsDirectory="7e3befb1-3806-490c-94e7-e381135063c7">
    </UnitTestResult>
    <UnitTestResult executionId="106ccd82-22ad-474f-a62c-5bce3dafcaa2" testId="222dec22-a875-dc44-c834-d20c8b4d0cbf" testName="Can_Remove_Line" computerName="KARINSDATOR" duration="00:00:00.0246718" startTime="2012-09-18T19:56:59.1362495+02:00" endTime="2012-09-18T19:56:59.1772518+02:00" testType="13cdc9d9-ddb5-4fa4-a97d-d965ccfc6d4b" outcome="Passed" testListId="8c84fa94-04c1-424b-9868-57a2d4851a1d" relativeResultsDirectory="106ccd82-22ad-474f-a62c-5bce3dafcaa2">
    </UnitTestResult>
    <UnitTestResult executionId="bfc60e8e-7ebf-48af-a5fb-abbceab5c182" testId="29117960-876c-d3f7-83e4-6c334cba62eb" testName="Cannot_Login_With_Invalid_Credentials" computerName="KARINSDATOR" duration="00:00:00.0283502" startTime="2012-09-18T19:56:59.1962529+02:00" endTime="2012-09-18T19:56:59.2382553+02:00" testType="13cdc9d9-ddb5-4fa4-a97d-d965ccfc6d4b" outcome="Passed" testListId="8c84fa94-04c1-424b-9868-57a2d4851a1d" relativeResultsDirectory="bfc60e8e-7ebf-48af-a5fb-abbceab5c182">
    </UnitTestResult>
    <UnitTestResult executionId="f50b62f3-678c-4ed5-9cb9-7f67e9d0ee53" testId="29859a33-c3e1-9aa3-25d1-53c935fa3f27" testName="Can_Edit_Product" computerName="KARINSDATOR" duration="00:00:00.0141423" startTime="2012-09-18T19:56:59.2432556+02:00" endTime="2012-09-18T19:56:59.2692571+02:00" testType="13cdc9d9-ddb5-4fa4-a97d-d965ccfc6d4b" outcome="Passed" testListId="8c84fa94-04c1-424b-9868-57a2d4851a1d" relativeResultsDirectory="f50b62f3-678c-4ed5-9cb9-7f67e9d0ee53">
    </UnitTestResult>
    <UnitTestResult executionId="964b4154-21a6-47c2-90e7-d56f891f7565" testId="31b06b3d-b6f5-c2aa-179c-a283632fc745" testName="Generate_Category_Specific_Product_Count" computerName="KARINSDATOR" duration="00:00:00.0184920" startTime="2012-09-18T19:56:59.2932585+02:00" endTime="2012-09-18T19:56:59.3242602+02:00" testType="13cdc9d9-ddb5-4fa4-a97d-d965ccfc6d4b" outcome="Passed" testListId="8c84fa94-04c1-424b-9868-57a2d4851a1d" relativeResultsDirectory="964b4154-21a6-47c2-90e7-d56f891f7565">
    </UnitTestResult>
    <UnitTestResult executionId="8a64f0e4-e8fd-443a-86a1-8acd5f6153f4" testId="3541fe90-323f-a409-749b-9d17f502ab21" testName="Cannot_Checkout_Empty_Cart" computerName="KARINSDATOR" duration="00:00:00.0152315" startTime="2012-09-18T19:56:59.3492617+02:00" endTime="2012-09-18T19:56:59.3702629+02:00" testType="13cdc9d9-ddb5-4fa4-a97d-d965ccfc6d4b" outcome="Passed" testListId="8c84fa94-04c1-424b-9868-57a2d4851a1d" relativeResultsDirectory="8a64f0e4-e8fd-443a-86a1-8acd5f6153f4">
    </UnitTestResult>
    <UnitTestResult executionId="1d1dc82e-d494-4835-a111-841748704fca" testId="360ee066-1b77-2fc8-a8c7-5debef41904c" testName="Can_Add_Quantity_For_Existing_Lines" computerName="KARINSDATOR" duration="00:00:00.0403232" startTime="2012-09-18T19:56:59.4532676+02:00" endTime="2012-09-18T19:56:59.5292720+02:00" testType="13cdc9d9-ddb5-4fa4-a97d-d965ccfc6d4b" outcome="Passed" testListId="8c84fa94-04c1-424b-9868-57a2d4851a1d" relativeResultsDirectory="1d1dc82e-d494-4835-a111-841748704fca">
    </UnitTestResult>
    <UnitTestResult executionId="36cdaa13-7e0b-420f-8806-394fd99b8af2" testId="389303ee-d7cc-724d-a27b-4b63eb975112" testName="Can_Add_Quantity_For_Existing_Lines" computerName="KARINSDATOR" duration="00:00:00.0157853" startTime="2012-09-18T19:56:59.6032762+02:00" endTime="2012-09-18T19:56:59.6362781+02:00" testType="13cdc9d9-ddb5-4fa4-a97d-d965ccfc6d4b" outcome="Passed" testListId="8c84fa94-04c1-424b-9868-57a2d4851a1d" relativeResultsDirectory="36cdaa13-7e0b-420f-8806-394fd99b8af2">
    </UnitTestResult>
    <UnitTestResult executionId="73eab371-fd22-45e5-bbcd-7fe10ac18b55" testId="49c2020d-64a0-1e5d-bb1e-7193eb37abeb" testName="Index_Contains_All_Products" computerName="KARINSDATOR" duration="00:00:00.0027301" startTime="2012-09-18T19:56:59.6792805+02:00" endTime="2012-09-18T19:56:59.6862809+02:00" testType="13cdc9d9-ddb5-4fa4-a97d-d965ccfc6d4b" outcome="Passed" testListId="8c84fa94-04c1-424b-9868-57a2d4851a1d" relativeResultsDirectory="73eab371-fd22-45e5-bbcd-7fe10ac18b55">
    </UnitTestResult>
    <UnitTestResult executionId="ecc4b86e-e4b8-4d2e-b186-0780d384ddbf" testId="4a4b09b5-fb0b-d0f1-ec15-793362fab937" testName="Can_Send_Pagination_View_Model" computerName="KARINSDATOR" duration="00:00:00.0046018" startTime="2012-09-18T19:56:59.7032819+02:00" endTime="2012-09-18T19:56:59.7342837+02:00" testType="13cdc9d9-ddb5-4fa4-a97d-d965ccfc6d4b" outcome="Passed" testListId="8c84fa94-04c1-424b-9868-57a2d4851a1d" relativeResultsDirectory="ecc4b86e-e4b8-4d2e-b186-0780d384ddbf">
    </UnitTestResult>
    <UnitTestResult executionId="f9fbdcfd-25c3-4f13-a42e-9349adb43589" testId="67bd14da-0677-af46-0b31-3e3241b7e801" testName="Can_Clear_Contents" computerName="KARINSDATOR" duration="00:00:00.0078261" startTime="2012-09-18T19:56:59.7362838+02:00" endTime="2012-09-18T19:56:59.7482845+02:00" testType="13cdc9d9-ddb5-4fa4-a97d-d965ccfc6d4b" outcome="Passed" testListId="8c84fa94-04c1-424b-9868-57a2d4851a1d" relativeResultsDirectory="f9fbdcfd-25c3-4f13-a42e-9349adb43589">
    </UnitTestResult>
    <UnitTestResult executionId="1d0c3902-e5c3-422b-b9c4-eb0ac0f9b786" testId="732825c5-d70c-637f-7f5e-bbbffc9af287" testName="Cannot_Checkout_Invalid_ShippingDetails" computerName="KARINSDATOR" duration="00:00:00.0097898" startTime="2012-09-18T19:56:59.7512847+02:00" endTime="2012-09-18T19:56:59.7652855+02:00" testType="13cdc9d9-ddb5-4fa4-a97d-d965ccfc6d4b" outcome="Passed" testListId="8c84fa94-04c1-424b-9868-57a2d4851a1d" relativeResultsDirectory="1d0c3902-e5c3-422b-b9c4-eb0ac0f9b786">
    </UnitTestResult>
    <UnitTestResult executionId="8cafc501-3512-4e40-88c1-ac5b93272423" testId="87224df0-8c69-5ead-c901-6ece361f6093" testName="Can_Login_With_Valid_Credentials" computerName="KARINSDATOR" duration="00:00:00.0232830" startTime="2012-09-18T19:56:59.7752860+02:00" endTime="2012-09-18T19:56:59.8022876+02:00" testType="13cdc9d9-ddb5-4fa4-a97d-d965ccfc6d4b" outcome="Passed" testListId="8c84fa94-04c1-424b-9868-57a2d4851a1d" relativeResultsDirectory="8cafc501-3512-4e40-88c1-ac5b93272423">
    </UnitTestResult>
    <UnitTestResult executionId="35152ba6-73c1-435c-8dc8-469e9432bf65" testId="91dcb5f3-09e1-5609-35db-2cbb1d67bfce" testName="Calculate_Cart_Total" computerName="KARINSDATOR" duration="00:00:00.0027281" startTime="2012-09-18T19:56:59.8152883+02:00" endTime="2012-09-18T19:56:59.8232888+02:00" testType="13cdc9d9-ddb5-4fa4-a97d-d965ccfc6d4b" outcome="Passed" testListId="8c84fa94-04c1-424b-9868-57a2d4851a1d" relativeResultsDirectory="35152ba6-73c1-435c-8dc8-469e9432bf65">
    </UnitTestResult>
    <UnitTestResult executionId="6edb7ad3-4f58-4654-9c81-8ebe8f6ca9e8" testId="924026a9-8fc3-94a4-2ddb-a5a2743ca589" testName="Cannot_Delete_Invalid_Products" computerName="KARINSDATOR" duration="00:00:00.0124197" startTime="2012-09-18T19:56:59.8422899+02:00" endTime="2012-09-18T19:56:59.8652912+02:00" testType="13cdc9d9-ddb5-4fa4-a97d-d965ccfc6d4b" outcome="Passed" testListId="8c84fa94-04c1-424b-9868-57a2d4851a1d" relativeResultsDirectory="6edb7ad3-4f58-4654-9c81-8ebe8f6ca9e8">
    </UnitTestResult>
    <UnitTestResult executionId="d3b50965-100d-4c82-be1a-8fd87b2f5248" testId="a86ac7ff-8789-e55c-a89a-c619519a8f43" testName="Can_Create_Categories" computerName="KARINSDATOR" duration="00:00:00.0155072" startTime="2012-09-18T19:56:59.8732916+02:00" endTime="2012-09-18T19:56:59.9052935+02:00" testType="13cdc9d9-ddb5-4fa4-a97d-d965ccfc6d4b" outcome="Passed" testListId="8c84fa94-04c1-424b-9868-57a2d4851a1d" relativeResultsDirectory="d3b50965-100d-4c82-be1a-8fd87b2f5248">
    </UnitTestResult>
    <UnitTestResult executionId="be6c6ade-2166-4a67-ad7c-157349ec55c6" testId="af4224d8-cd45-d986-c80c-707125e7f4f3" testName="Can_Generate_Page_Links" computerName="KARINSDATOR" duration="00:00:00.0253698" startTime="2012-09-18T19:56:59.9092937+02:00" endTime="2012-09-18T19:56:59.9862981+02:00" testType="13cdc9d9-ddb5-4fa4-a97d-d965ccfc6d4b" outcome="Passed" testListId="8c84fa94-04c1-424b-9868-57a2d4851a1d" relativeResultsDirectory="be6c6ade-2166-4a67-ad7c-157349ec55c6">
    </UnitTestResult>
    <UnitTestResult executionId="8d9e093e-5ec0-4d38-8e15-1c19ed299df7" testId="dad81126-e8a6-9feb-dbfc-a275bcacfca9" testName="Can_Add_New_Lines" computerName="KARINSDATOR" duration="00:00:00.0024280" startTime="2012-09-18T19:57:00.1393069+02:00" endTime="2012-09-18T19:57:00.1903098+02:00" testType="13cdc9d9-ddb5-4fa4-a97d-d965ccfc6d4b" outcome="Passed" testListId="8c84fa94-04c1-424b-9868-57a2d4851a1d" relativeResultsDirectory="8d9e093e-5ec0-4d38-8e15-1c19ed299df7">
    </UnitTestResult>
    <UnitTestResult executionId="017998af-71bb-48a6-b691-36ef99f7b55b" testId="de7e19ec-8812-1c0d-2b5a-bacb5b42b05c" testName="Can_Filter_Products" computerName="KARINSDATOR" duration="00:00:00.0093401" startTime="2012-09-18T19:57:00.1993103+02:00" endTime="2012-09-18T19:57:00.2233117+02:00" testType="13cdc9d9-ddb5-4fa4-a97d-d965ccfc6d4b" outcome="Passed" testListId="8c84fa94-04c1-424b-9868-57a2d4851a1d" relativeResultsDirectory="017998af-71bb-48a6-b691-36ef99f7b55b">
    </UnitTestResult>
    <UnitTestResult executionId="9e3a0716-20bb-4ab5-bf68-e5cd156d0786" testId="dee79d5a-ea23-d68c-392b-2f58d91fc341" testName="Cannot_Retrieve_Image_Data_For_Invalid_ID" computerName="KARINSDATOR" duration="00:00:00.0094510" startTime="2012-09-18T19:57:00.2273119+02:00" endTime="2012-09-18T19:57:00.2513133+02:00" testType="13cdc9d9-ddb5-4fa4-a97d-d965ccfc6d4b" outcome="Passed" testListId="8c84fa94-04c1-424b-9868-57a2d4851a1d" relativeResultsDirectory="9e3a0716-20bb-4ab5-bf68-e5cd156d0786">
    </UnitTestResult>
    <UnitTestResult executionId="11a5dfea-338f-4014-b8cc-592812ac9c7c" testId="df3fec19-48b6-a572-776f-5f10c2b00e60" testName="Can_Clear_Contents" computerName="KARINSDATOR" duration="00:00:00.0088933" startTime="2012-09-18T19:57:00.2643140+02:00" endTime="2012-09-18T19:57:00.2833151+02:00" testType="13cdc9d9-ddb5-4fa4-a97d-d965ccfc6d4b" outcome="Passed" testListId="8c84fa94-04c1-424b-9868-57a2d4851a1d" relativeResultsDirectory="11a5dfea-338f-4014-b8cc-592812ac9c7c">
    </UnitTestResult>
    <UnitTestResult executionId="890c4d29-909f-4e70-8de2-ef4dbddee4f9" testId="e49a6fb3-06f0-dfa4-cc93-56e893554dfb" testName="Can_Checkout_And_Submit_Order" computerName="KARINSDATOR" duration="00:00:00.0210984" startTime="2012-09-18T19:57:00.2863153+02:00" endTime="2012-09-18T19:57:00.3123167+02:00" testType="13cdc9d9-ddb5-4fa4-a97d-d965ccfc6d4b" outcome="Passed" testListId="8c84fa94-04c1-424b-9868-57a2d4851a1d" relativeResultsDirectory="890c4d29-909f-4e70-8de2-ef4dbddee4f9">
    </UnitTestResult>
    <UnitTestResult executionId="b6ed7655-47f2-46a2-8e76-31e97170682a" testId="e5382814-0a83-faab-efea-367d92da8f13" testName="Can_Paginate" computerName="KARINSDATOR" duration="00:00:00.0135792" startTime="2012-09-18T19:57:00.3493189+02:00" endTime="2012-09-18T19:57:00.3673199+02:00" testType="13cdc9d9-ddb5-4fa4-a97d-d965ccfc6d4b" outcome="Passed" testListId="8c84fa94-04c1-424b-9868-57a2d4851a1d" relativeResultsDirectory="b6ed7655-47f2-46a2-8e76-31e97170682a">
    </UnitTestResult>
    <UnitTestResult executionId="bd2b911b-9583-4f9c-8046-b02f2f84367d" testId="eb072a95-ed66-d6ad-155b-815c290e70a1" testName="Calculate_Cart_Total" computerName="KARINSDATOR" duration="00:00:00.0013271" startTime="2012-09-18T19:57:00.3863210+02:00" endTime="2012-09-18T19:57:00.4073222+02:00" testType="13cdc9d9-ddb5-4fa4-a97d-d965ccfc6d4b" outcome="Passed" testListId="8c84fa94-04c1-424b-9868-57a2d4851a1d" relativeResultsDirectory="bd2b911b-9583-4f9c-8046-b02f2f84367d">
    </UnitTestResult>
    <UnitTestResult executionId="6608216b-f467-4640-9e3d-87e9954f8fae" testId="f354ee36-ed7d-98d7-ec31-e55b457c4044" testName="Can_Remove_Line" computerName="KARINSDATOR" duration="00:00:00.0102351" startTime="2012-09-18T19:57:00.4113224+02:00" endTime="2012-09-18T19:57:00.4383240+02:00" testType="13cdc9d9-ddb5-4fa4-a97d-d965ccfc6d4b" outcome="Passed" testListId="8c84fa94-04c1-424b-9868-57a2d4851a1d" relativeResultsDirectory="6608216b-f467-4640-9e3d-87e9954f8fae">
    </UnitTestResult>
    <UnitTestResult executionId="6efedd42-2b77-41f7-8398-3984c9da6e9a" testId="f4bedb1c-2c61-1356-e5c7-4252f5216901" testName="Can_Add_New_Lines" computerName="KARINSDATOR" duration="00:00:00.0134379" startTime="2012-09-18T19:57:00.4543249+02:00" endTime="2012-09-18T19:57:00.4733260+02:00" testType="13cdc9d9-ddb5-4fa4-a97d-d965ccfc6d4b" outcome="Passed" testListId="8c84fa94-04c1-424b-9868-57a2d4851a1d" relativeResultsDirectory="6efedd42-2b77-41f7-8398-3984c9da6e9a">
    </UnitTestResult>
  </Results>
</TestRun>